[0.407s] WARNING:colcon.colcon_core.package_selection:Some selected packages are already built in one or more underlay workspaces:
	'multi_arm_world_model' is in: /home/lenovo/multi_arm_line_ws/install/multi_arm_world_model
	'multi_arm_safety' is in: /home/lenovo/multi_arm_line_ws/install/multi_arm_safety
	'ur_simulation_gz' is in: /home/lenovo/multi_arm_line_ws/install/ur_simulation_gz
If a package in a merged underlay workspace is overridden and it installs headers, then all packages in the overlay must sort their include directories by workspace order. Failure to do so may result in build failures or undefined behavior at run time.
If the overridden package is used by another package in any underlay, then the overriding package in the overlay must be API and ABI compatible or undefined behavior at run time may occur.

If you understand the risks and want to override a package anyways, add the following to the command line:
	--allow-overriding multi_arm_safety multi_arm_world_model ur_simulation_gz

This may be promoted to an error in a future release of colcon-override-check.
Starting >>> multi_arm_interfaces
Starting >>> order_manager
Starting >>> ur_simulation_gz
Finished <<< ur_simulation_gz [0.51s]
Finished <<< order_manager [2.06s]
Finished <<< multi_arm_interfaces [2.96s]
Starting >>> multi_arm_recovery
Starting >>> multi_arm_benchmark
Starting >>> multi_arm_safety
Starting >>> multi_arm_task_planner
Starting >>> multi_arm_world_model
Finished <<< multi_arm_world_model [3.34s]
Finished <<< multi_arm_benchmark [3.39s]
Finished <<< multi_arm_recovery [3.43s]
Starting >>> multi_arm_core
Finished <<< multi_arm_task_planner [3.42s]
Finished <<< multi_arm_safety [3.44s]
Finished <<< multi_arm_core [1.87s]

Summary: 9 packages finished [8.53s]
